=== [2] 92e43e6 | keep | baseline ===
  holdout=0.7155
=== [3] e25ad0c | discard | add scheduled departure minute and cyclic features ===
  SKIP: status discard
=== [4] 74791e4 | discard | add origin-destination categorical feature ===
  SKIP: status discard
=== [5] e6cf329 | keep | increase n_estimators from 30 to 100 ===
  holdout=0.7271
=== [6] edd60ad | keep | increase n_estimators from 100 to 200 ===
  holdout=0.7311
=== [7] 40794f6 | discard | increase n_estimators from 200 to 400 ===
  SKIP: status discard
=== [8] 56b0e18 | keep | use learning_rate 0.05 with 400 trees ===
  holdout=0.7315
=== [9] b93416e | discard | use learning_rate 0.025 with 800 trees ===
  SKIP: status discard
=== [10] 35f9b34 | discard | reduce max_depth from 6 to 4 ===
  SKIP: status discard
=== [11] 4533c8e | discard | set subsample to 0.8 ===
  SKIP: status discard
=== [12] e9148ab | discard | set min_child_weight to 5 ===
  SKIP: status discard
=== [13] ad5be21 | discard | set min_child_weight to 2 ===
  SKIP: status discard
=== [14] 1d7cf8f | keep | set colsample_bytree to 0.8 ===
  holdout=0.7350
=== [15] e02eab6 | keep | set colsample_bytree to 0.6 ===
  holdout=0.7383
=== [16] e326d39 | keep | set colsample_bytree to 0.4 ===
  holdout=0.7385
=== [17] f3ca7c3 | discard | set colsample_bytree to 0.3 ===
  SKIP: status discard
=== [18] dea6053 | discard | set colsample_bytree to 0.5 ===
  SKIP: status discard
=== [19] 4eb11a2 | discard | reduce max_depth from 6 to 5 with colsample 0.4 ===
  SKIP: status discard
=== [20] 2f64036 | keep | set gamma to 0.1 ===
  holdout=0.7384
=== [21] 1c76f62 | discard | set gamma to 0.5 ===
  SKIP: status discard
=== [22] 003959b | discard | add train-derived departure hour category ===
  SKIP: status discard
=== [23] 96a3a26 | discard | use colsample_bynode 0.4 instead of bytree ===
  SKIP: status discard
=== [24] 023952f | discard | set max_cat_threshold to 32 ===
  SKIP: status discard
=== [25] 1e9b05a | discard | use learning_rate 0.04 with 500 trees ===
  SKIP: status discard
=== [26] 1341b07 | discard | set reg_lambda to 2 ===
  SKIP: status discard
=== [27] 18fbae2 | crash | DART training timeout at 60 seconds ===
  SKIP: status crash
=== [28] 035f389 | discard | use two parallel trees over 200 rounds ===
  SKIP: status discard
=== [29] 73e6681 | discard | set reg_alpha to 0.1 ===
  SKIP: status discard
=== [30] 2c4edeb | keep | increase max_depth from 6 to 7 ===
  holdout=0.7423
=== [31] 3b0d806 | keep | increase max_depth from 7 to 8 ===
  holdout=0.7435
=== [32] 97e3fcb | discard | use loss-guided tree growth with 256 leaves ===
  SKIP: status discard
=== [33] 6816613 | discard | increase max_depth from 8 to 9 ===
  SKIP: status discard
=== [34] b348a08 | keep | reduce depth-8 model from 400 to 300 rounds ===
  holdout=0.7424
=== [35] 20de88c | keep | increase depth-8 model from 300 to 350 rounds ===
  holdout=0.7433
=== [36] 659a243 | keep | use learning rate 0.04 with 450 depth-8 rounds ===
  holdout=0.7438
=== [37] 0d8452c | discard | set max_cat_to_onehot to 13 ===
  SKIP: status discard
=== [38] 67392a8 | discard | set scale_pos_weight to 2.0 ===
  SKIP: status discard
=== [39] e163052 | discard | increase histogram max_bin to 512 ===
  SKIP: status discard
=== [40] 460b1f1 | discard | add cross-fitted smoothed route delay-rate feature ===
  SKIP: status discard
=== [41] f710efb | discard | add cross-fitted smoothed origin delay-rate feature ===
  SKIP: status discard
=== [42] 6d3691a | discard | weight numeric features twice for column sampling ===
  SKIP: status discard
=== [43] be6fb10 | keep | increase depth-8 tree feature fraction to 0.5 ===
  holdout=0.7451
=== [44] 3298742 | discard | increase depth-8 tree feature fraction to 0.6 ===
  SKIP: status discard
=== [45] d7c7b84 | discard | test depth-8 tree feature fraction 0.55 ===
  SKIP: status discard
=== [46] fc5e4ac | keep | increase depth from 8 to 9 at feature fraction 0.5 ===
  holdout=0.7462
=== [47] b328d4d | keep | set min_child_weight to 2 in depth-nine model ===
  holdout=0.7464
=== [48] f888d1d | discard | increase depth-nine min_child_weight to 3 ===
  SKIP: status discard
=== [49] 28e19b7 | discard | increase depth-nine model to depth 10 ===
  SKIP: status discard
=== [50] d81ccec | keep | reduce depth-nine model from 450 to 400 rounds ===
  holdout=0.7461
=== [51] 74c0a1f | keep | reduce regularized depth-nine model to 350 rounds ===
  holdout=0.7461
=== [52] e8a966d | discard | set max_delta_step to 1 ===
  SKIP: status discard
=== [53] 5d55e95 | keep | use 0.05 learning rate with 280 depth-nine rounds ===
  holdout=0.7461
=== [54] 7026164 | discard | use 0.045 learning rate with 310 depth-nine rounds ===
  SKIP: status discard
=== [55] 0d4f090 | discard | increase compact 0.05 schedule from 280 to 320 rounds ===
  SKIP: status discard
=== [56] cec373c | keep | set reg_lambda to 2 in depth-nine model ===
  holdout=0.7463
=== [57] f3cfbdd | keep | set reg_lambda to 3 in depth-nine model ===
  holdout=0.7467
=== [58] a996d58 | discard | increase reg_lambda to 4 ===
  SKIP: status discard
=== [59] 1a90f10 | discard | set reg_lambda to 2.5 ===
  SKIP: status discard
=== [60] 0e31508 | discard | lower gamma from 0.1 to 0.05 ===
  SKIP: status discard
=== [61] 59dfad7 | keep | add reg_alpha 0.1 with depth-nine L2 regularization ===
  holdout=0.7471
=== [62] 118a7a6 | keep | increase depth-nine reg_alpha to 0.2 ===
  holdout=0.7469
=== [63] ace666b | discard | increase depth-nine reg_alpha to 0.3 ===
  SKIP: status discard
=== [64] a0656d9 | discard | set depth-nine reg_alpha to 0.25 ===
  SKIP: status discard
=== [65] e1cf167 | keep | reduce L1-regularized depth-nine model to 325 rounds ===
  holdout=0.7462
=== [66] d9fcb69 | keep | reduce L1-regularized depth-nine model to 300 rounds ===
  holdout=0.7460
=== [67] 79a9d20 | keep | reduce L1-regularized depth-nine model to 275 rounds ===
  holdout=0.7457
=== [68] f73d748 | discard | reduce regularized model depth from 9 to 8 ===
  SKIP: status discard
=== [69] 44eedad | discard | set min_child_weight to 1.5 with L1 and L2 ===
  SKIP: status discard

=== DONE: results written to groundtruth_all.tsv ===
