=== [2] 92e43e6 | keep | baseline, unchanged starter ===
  holdout=0.7155
=== [3] cc04906 | keep | 200 trees, learning rate 0.05 ===
  holdout=0.7282
=== [4] c845268 | discard | add categorical scheduled departure hour ===
  SKIP: status discard
=== [5] 4100a47 | keep | increase max_depth to 8 ===
  holdout=0.7297
=== [6] 4135243 | discard | min_child_weight 10 at depth 8 ===
  SKIP: status discard
=== [7] 49a7750 | discard | subsample 0.8 ===
  SKIP: status discard
=== [8] a1e9cd0 | discard | add categorical origin destination route ===
  SKIP: status discard
=== [9] 389a42a | keep | 400 trees at learning rate 0.05 ===
  holdout=0.7299
=== [10] 99336d9 | discard | 800 trees at learning rate 0.05 ===
  SKIP: status discard
=== [11] 97033e4 | keep | 800 trees at learning rate 0.025 ===
  holdout=0.7315
=== [12] e956267 | discard | gamma 1.0 ===
  SKIP: status discard
=== [13] f053bbd | keep | colsample_bytree 0.8 ===
  holdout=0.7400
=== [14] 2e73448 | keep | colsample_bytree 0.7 ===
  holdout=0.7420
=== [15] 8d6638a | keep | colsample_bytree 0.6 ===
  holdout=0.7454
=== [16] c698671 | keep | colsample_bytree 0.5; tied score with stronger regularization ===
  holdout=0.7454
=== [17] da70770 | discard | colsample_bytree 0.4 ===
  SKIP: status discard
=== [18] 8c50c03 | discard | max_depth 10 at colsample 0.5 ===
  SKIP: status discard
=== [19] a8e9c6b | discard | max_depth 6 at colsample 0.5 ===
  SKIP: status discard
=== [20] 88ca92a | discard | max_cat_to_onehot 13 ===
  SKIP: status discard
=== [21] b58d8b3 | discard | 1200 trees at learning rate 0.025 ===
  SKIP: status discard
=== [22] 1d15843 | keep | add cyclical scheduled time sine and cosine ===
  holdout=0.7443
=== [23] c0e00f4 | keep | remove raw departure time, keep cyclical pair ===
  holdout=0.7449
=== [24] 02ede7a | discard | colsample_bytree 0.6 with cyclical-only time ===
  SKIP: status discard
=== [25] 59124d9 | discard | colsample_bynode 0.8 ===
  SKIP: status discard
=== [26] 86dfd86 | keep | colsample_bylevel 0.8 with cyclical-only time ===
  holdout=0.7449
=== [27] 34dafde | discard | colsample_bylevel 0.6 ===
  SKIP: status discard
=== [28] 09ec1ee | discard | colsample_bylevel 0.9; prefer 0.8 regularized setting ===
  SKIP: status discard
=== [29] fa88947 | discard | 1000 trees at learning rate 0.02 ===
  SKIP: status discard
=== [30] 9847dec | discard | 600 trees at learning rate 0.03 ===
  SKIP: status discard
=== [31] b48f01b | discard | colsample_bytree 0.6 plus bylevel 0.8 ===
  SKIP: status discard
=== [32] 4f36c85 | crash | cyclic calendar features failed on string columns ===
  SKIP: status crash
=== [33] 4a34cd3 | discard | cyclic month and weekday features ===
  SKIP: status discard
=== [34] e4277f3 | discard | three-seed soft-vote ensemble; tied best at triple model size ===
  SKIP: status discard
=== [35] 2504985 | crash | scheduled-arrival cycles unavailable; CRSArrTime is not in the training schema ===
  SKIP: status crash
=== [36] 3164ed2 | keep | reg_lambda 5.0 with current feature sampling ===
  holdout=0.7457
=== [37] 7386e7b | discard | reg_lambda 10.0; tied lambda 5.0 ===
  SKIP: status discard
=== [38] a08e305 | keep | reg_alpha 0.5 with reg_lambda 5.0 ===
  holdout=0.7470
=== [39] f900bd1 | keep | reg_alpha 1.0 with reg_lambda 5.0 ===
  holdout=0.7482
=== [40] 015fbff | keep | reg_alpha 2.0 with reg_lambda 5.0 ===
  holdout=0.7488
=== [41] 96b7d39 | keep | reg_alpha 4.0 with reg_lambda 5.0 ===
  holdout=0.7495
=== [42] dacc195 | discard | reg_alpha 8.0; below value 4.0 ===
  SKIP: status discard
=== [43] 7a28e51 | discard | carrier by scheduled departure hour category ===
  SKIP: status discard
=== [44] 3278656 | discard | reg_alpha 3.0; 0.0001 below value 4.0 ===
  SKIP: status discard
=== [45] eddfe38 | discard | reg_alpha 3.5; below value 4.0 ===
  SKIP: status discard
=== [46] 28ffd02 | keep | reg_alpha 4.0 with reg_lambda 1.0 ===
  holdout=0.7501
=== [47] 4939dd5 | keep | reg_alpha 4.0 with reg_lambda 0.0 ===
  holdout=0.7500
=== [48] c99d72d | keep | reg_alpha 5.0 with reg_lambda 0.0 ===
  holdout=0.7501
=== [49] 84f5e9c | discard | reg_alpha 6.0 with reg_lambda 0.0; below value 5.0 ===
  SKIP: status discard
=== [50] 77ac988 | discard | reg_alpha 4.5 with reg_lambda 0.0; below value 5.0 ===
  SKIP: status discard
=== [51] fb32518 | discard | reg_alpha 5.5 with reg_lambda 0.0; tied value 5.0 ===
  SKIP: status discard
=== [52] 74f08ab | crash | DART booster timed out at 60s training cap ===
  SKIP: status crash
=== [53] 59da363 | crash | tree dropout parameters timed out at 60s training cap ===
  SKIP: status crash
=== [54] 26c605a | discard | reg_lambda 0.5 with reg_alpha 5.0 ===
  SKIP: status discard
=== [55] 8dd3134 | discard | gamma 0.5 with reg_alpha 5.0 and reg_lambda 0.0 ===
  SKIP: status discard
=== [56] 22ecba3 | discard | gamma 0.1 with reg_alpha 5.0 and reg_lambda 0.0 ===
  SKIP: status discard
=== [57] 3f2640e | discard | gamma 0.05 with reg_alpha 5.0 and reg_lambda 0.0 ===
  SKIP: status discard
=== [58] b442a2e | discard | max_cat_threshold 32 ===
  SKIP: status discard
=== [59] 331b789 | discard | max_cat_threshold 128 ===
  SKIP: status discard
=== [60] 97d5b7b | discard | subsample 0.8 with reg_alpha 5.0 and reg_lambda 0.0 ===
  SKIP: status discard
=== [61] d06b3e4 | discard | min_child_weight 3 with reg_alpha 5.0 and reg_lambda 0.0 ===
  SKIP: status discard
=== [62] e2f47c7 | discard | min_child_weight 2 with reg_alpha 5.0 and reg_lambda 0.0 ===
  SKIP: status discard
=== [63] 1151369 | discard | min_child_weight 1.5 with reg_alpha 5.0 and reg_lambda 0.0 ===
  SKIP: status discard
=== [64] 36676ee | keep | max_depth 9 with reg_alpha 5.0 and reg_lambda 0.0 ===
  holdout=0.7510
=== [65] 8e355d8 | keep | max_depth 10 with reg_alpha 5.0 and reg_lambda 0.0 ===
  holdout=0.7536
=== [66] c161b49 | keep | max_depth 11 with reg_alpha 5.0 and reg_lambda 0.0 ===
  holdout=0.7536
=== [67] 72ddc2a | keep | max_depth 12 with reg_alpha 5.0 and reg_lambda 0.0 ===
  holdout=0.7543

=== DONE: results written to groundtruth_all.tsv ===
