=== [2] 92e43e6 | keep | baseline ===
  holdout=0.7155
=== [3] e478dae | keep | 200 boosting rounds ===
  holdout=0.7311
=== [4] 29c88bd | discard | 500 boosting rounds ===
  SKIP: status discard
=== [5] eefcad4 | discard | subsample=0.8 ===
  SKIP: status discard
=== [6] 402b9f7 | keep | categorical departure hour ===
  holdout=0.7309
=== [7] 0c053d9 | keep | learning_rate=0.05, 400 rounds ===
  holdout=0.7317
=== [8] e29680d | keep | learning_rate=0.05, 600 rounds ===
  holdout=0.7320
=== [9] 89cfd63 | discard | route category ===
  SKIP: status discard
=== [10] b5f1f9f | keep | max_depth=5 ===
  holdout=0.7334
=== [11] e39e995 | discard | max_depth=4 ===
  SKIP: status discard
=== [12] 3ee2216 | keep | min_child_weight=2 ===
  holdout=0.7347
=== [13] fb7f9f4 | discard | gamma=0.1 ===
  SKIP: status discard
=== [14] 96c228e | discard | cyclic time added to departure hour ===
  SKIP: status discard
=== [15] ea27121 | discard | cyclic time replaces departure hour ===
  SKIP: status discard
=== [16] a7d4ed6 | discard | carrier-hour category ===
  SKIP: status discard
=== [17] c0bdca2 | discard | min_child_weight=4 ===
  SKIP: status discard
=== [18] ca4924b | discard | min_child_weight=3 ===
  SKIP: status discard
=== [19] 1f98b04 | keep | remove raw CRSDepTime input (simplification) ===
  holdout=0.7343
=== [20] 6f8090d | discard | IsNightFlight indicator ===
  SKIP: status discard
=== [21] 7c792fe | keep | reg_lambda=2 ===
  holdout=0.7347
=== [22] 1d264b6 | keep | max_cat_threshold=32 ===
  holdout=0.7351
=== [23] 6085ae3 | keep | max_cat_threshold=16 ===
  holdout=0.7338
=== [24] 42f9590 | keep | max_cat_threshold=8 ===
  holdout=0.7339
=== [25] 68cb2ed | discard | max_cat_to_onehot=32 ===
  SKIP: status discard
=== [26] 8861a27 | keep | max_cat_to_onehot=16 ===
  holdout=0.7350
=== [27] 0e7d4af | keep | max_cat_to_onehot=8 ===
  holdout=0.7340
=== [28] baa1c65 | discard | max_cat_threshold=4 ===
  SKIP: status discard
=== [29] 0ddfb34 | discard | max_cat_threshold=6 ===
  SKIP: status discard
=== [30] 5e1180a | discard | max_cat_to_onehot=12 ===
  SKIP: status discard
=== [31] c75f274 | discard | grow_policy=lossguide ===
  SKIP: status discard
=== [32] 22fba05 | discard | IsWeekend added ===
  SKIP: status discard
=== [33] d73b0c3 | discard | weekend flag replaces DayOfWeek ===
  SKIP: status discard
=== [34] f3f289b | crash | DART training timeout after 60s ===
  SKIP: status crash
=== [35] 2999c3f | discard | max_bin=512 ===
  SKIP: status discard
=== [36] 8d13074 | keep | max_bin=128 ===
  holdout=0.7341
=== [37] 3adfeff | discard | max_bin=64 ===
  SKIP: status discard
=== [38] 041f634 | discard | max_bin=192 ===
  SKIP: status discard
=== [39] 23ca622 | keep | max_bin=96 ===
  holdout=0.7346
=== [40] 358a137 | discard | max_bin=112 ===
  SKIP: status discard
=== [41] 986daea | keep | reg_alpha=0.1 ===
  holdout=0.7345
=== [42] 9aeaf0c | discard | colsample_bytree=0.9 ===
  SKIP: status discard
=== [43] f69ee6c | keep | reg_alpha=0.2 ===
  holdout=0.7357
=== [44] 82e6b82 | crash | DayHour interaction cast category labels to int ===
  SKIP: status crash
=== [45] 6cb55f5 | discard | weekday-departure-hour category ===
  SKIP: status discard
=== [46] be99240 | keep | reg_alpha=0.3 ===
  holdout=0.7362
=== [47] 46e7cda | keep | reg_alpha=0.5 ===
  holdout=0.7368
=== [48] 780791e | keep | reg_alpha=0.8 ===
  holdout=0.7382
=== [49] 3c046b1 | keep | reg_alpha=1.2 ===
  holdout=0.7393
=== [50] 34f4c37 | keep | reg_alpha=2.0 ===
  holdout=0.7401
=== [51] 41b15de | keep | reg_alpha=3.5 ===
  holdout=0.7415
=== [52] a8eeed4 | keep | max_depth=6 ===
  holdout=0.7461
=== [53] e0a4e0a | keep | max_depth=7 ===
  holdout=0.7484
=== [54] b08cbea | keep | max_depth=8 ===
  holdout=0.7510
=== [55] d19750e | keep | max_depth=9 ===
  holdout=0.7522
=== [56] 49788cd | keep | max_depth=10 ===
  holdout=0.7520
=== [57] cf8436e | keep | max_depth=11 ===
  holdout=0.7526
=== [58] 8b95c23 | keep | max_depth=12 ===
  holdout=0.7528
=== [59] a2bf721 | keep | reg_alpha=5.0 at depth 12 ===
  holdout=0.7549
=== [60] 9497c87 | keep | reg_alpha=7.5 at depth 12 ===
  holdout=0.7562
=== [61] fd7dd9c | discard | max_depth=13 at reg_alpha=7.5 ===
  SKIP: status discard
=== [62] 7d13a98 | discard | min_child_weight=4 at depth 12 ===
  SKIP: status discard
=== [63] 0d8e593 | discard | min_child_weight=1 at depth 12 ===
  SKIP: status discard
=== [64] 4e2ca87 | discard | gamma=0.1 at depth 12 ===
  SKIP: status discard
=== [65] 368d3f2 | discard | max_bin=128 at depth 12 ===
  SKIP: status discard
=== [66] 66a7ad4 | discard | reg_alpha=10 at depth 12 ===
  SKIP: status discard
=== [67] 4cd87c5 | discard | reg_alpha=9 at depth 12 ===
  SKIP: status discard
=== [68] 72bf32c | keep | reg_lambda=4 at depth 12 ===
  holdout=0.7556
=== [69] ada4c8d | discard | reg_lambda=6 at depth 12 ===
  SKIP: status discard
=== [70] 09386ac | discard | reg_lambda=3 at depth 12 ===
  SKIP: status discard
=== [71] 4d38072 | discard | reg_alpha=6.5 with reg_lambda=4 at depth 12 ===
  SKIP: status discard
=== [72] 2486b3b | discard | n_estimators=800 at depth 12 ===
  SKIP: status discard
=== [73] 875b660 | keep | n_estimators=500, comparable AUC with smaller model ===
  holdout=0.7556
=== [74] adccf54 | keep | n_estimators=550 at depth 12 ===
  holdout=0.7557
=== [75] 10d3c9e | discard | n_estimators=575 at depth 12 ===
  SKIP: status discard
=== [76] 9192ac1 | keep | n_estimators=525, comparable AUC with smaller model ===
  holdout=0.7556
=== [77] 7e3d57d | discard | n_estimators=540 tied, larger than 525 ===
  SKIP: status discard
=== [78] 6f48f7e | discard | learning_rate=0.04, n_estimators=650 ===
  SKIP: status discard
=== [79] 5255492 | discard | reg_alpha=8 at depth 12 ===
  SKIP: status discard
=== [80] 2f30550 | discard | reg_alpha=7 at depth 12 ===
  SKIP: status discard
=== [81] b40b823 | discard | reg_lambda=4.5 tied, no simplification ===
  SKIP: status discard
=== [82] 61f15e9 | discard | reg_lambda=3.5 at depth 12 ===
  SKIP: status discard

=== DONE: results written to groundtruth_all.tsv ===
