=== [2] 92e43e6 | keep | baseline ===
  holdout=0.7155
=== [3] d5db16a | keep | Increase trees from 30 to 300 ===
  holdout=0.7315
=== [4] 1bc04f9 | discard | Increase trees from 300 to 1000 ===
  SKIP: status discard
=== [5] 83aa804 | keep | Simplify category conversion; remove redundant filtering ===
  holdout=0.7315
=== [6] 1367ab9 | keep | Add categorical calendar date ===
  holdout=0.7445
=== [7] d2a5ebd | keep | Set min_child_weight=20 with date feature ===
  holdout=0.7450
=== [8] 86f3f5d | discard | Increase regularized tree depth from 6 to 8 ===
  SKIP: status discard
=== [9] 91078a9 | keep | Use 600 trees at learning_rate=0.05 ===
  holdout=0.7481
=== [10] 08b3321 | discard | Add numeric day-of-year alongside date category ===
  SKIP: status discard
=== [11] e834e0a | discard | Limit categorical split threshold to 16 ===
  SKIP: status discard
=== [12] f943154 | discard | Add route categorical interaction ===
  SKIP: status discard
=== [13] fd28d69 | discard | Use subsample=0.8 for stochastic boosting ===
  SKIP: status discard
=== [14] f81b566 | discard | Use one-hot categorical split strategy for all features ===
  SKIP: status discard
=== [15] 8ab7c16 | discard | One-hot splits with 2000 trees and depth 10 ===
  SKIP: status discard
=== [16] ad433dd | keep | Remove redundant month/day/weekday categorical inputs ===
  holdout=0.7474
=== [17] a647682 | discard | Add departure hour and minute features ===
  SKIP: status discard
=== [18] b4a2ce2 | discard | Training-only 10 percent validation with early stopping ===
  SKIP: status discard
=== [19] 1685830 | discard | Add airport distance-graph embedding coordinates ===
  SKIP: status discard
=== [20] dc58fd7 | keep | Replace airport categories with learned distance coordinates ===
  holdout=0.7522
=== [21] 9cf889f | discard | Increase depth to 8 with numeric airport geography ===
  SKIP: status discard
=== [22] cb509ac | keep | Set reg_lambda=20 for geographic model ===
  holdout=0.7526
=== [23] c51fccb | keep | Use two airport embedding dimensions instead of three ===
  holdout=0.7518
=== [24] c41d817 | keep | Increase minimum child weight to 100 ===
  holdout=0.7525
=== [25] 2c25a2a | discard | Add gamma=5 split-gain penalty ===
  SKIP: status discard
=== [26] a0b0d22 | discard | Add learned origin and destination region categories ===
  SKIP: status discard
=== [27] bfd4afd | discard | Add origin-region by calendar-date category ===
  SKIP: status discard
=== [28] 45209f9 | keep | Boost four sampled trees per round ===
  holdout=0.7560
=== [29] 3ac54d3 | discard | Remove within-round averaging but retain row/column sampling ===
  SKIP: status discard
=== [30] 9a1eda4 | discard | Add route-relative departure-time median lookup ===
  SKIP: status discard
=== [31] 21c3810 | discard | Use sampled pairwise logistic ranking objective ===
  SKIP: status discard
=== [32] c4abe21 | discard | Use loss-guided growth with 31 leaves ===
  SKIP: status discard
=== [33] a6a20c3 | discard | Refine geographic embedding using observed-route stress ===
  SKIP: status discard
=== [34] 17ad95d | discard | Constrain trees to additive origin/destination feature groups ===
  SKIP: status discard
=== [35] 6b63ebf | keep | Increase histogram max_bin from 256 to 1024 ===
  holdout=0.7559
=== [36] 018f3a0 | keep | Add sum/difference geographic projections ===
  holdout=0.7571
=== [37] f28748e | discard | Expand category partition threshold to 512 ===
  SKIP: status discard
=== [38] 49eae26 | keep | Use 1200 averaged rounds at learning_rate=0.025 ===
  holdout=0.7572
=== [39] e0392e7 | discard | Add sine/cosine annual seasonality features ===
  SKIP: status discard
=== [40] 9c46136 | discard | Use gradient-based sampling with subsample=0.5 ===
  SKIP: status discard
=== [41] ce60acd | keep | Use eight trees per round at matched total tree budget ===
  holdout=0.7575
=== [42] 8a99d53 | discard | Add continuous route-direction features from airport geometry ===
  SKIP: status discard
=== [43] 0a79e59 | discard | Add fixed numeric airport identity codes alongside geography ===
  SKIP: status discard
=== [44] 2b15c0c | discard | Average two independently boosted models at fixed total tree budget ===
  SKIP: status discard
=== [45] ab6096e | discard | Use singleton carrier splits while retaining grouped FlightDate splits ===
  SKIP: status discard
=== [46] 599ccec | discard | Add intermediate geographic projection directions ===
  SKIP: status discard
=== [47] 401c67e | discard | Increase leaf-weight L2 regularization from 20 to 100 ===
  SKIP: status discard
=== [48] f385c1a | discard | Reduce tree depth from six to five ===
  SKIP: status discard
=== [49] 9071072 | discard | Add sine and cosine features for departure minute of day ===
  SKIP: status discard
=== [50] d8db291 | discard | Remove per-node column sampling while retaining row sampling ===
  SKIP: status discard
=== [51] ec5a136 | discard | Warm-start with 200 shallow rounds before 600 depth-six rounds ===
  SKIP: status discard
=== [52] c987e43 | keep | Add four local spectral airport coordinates from training distances ===
  holdout=0.7583
=== [53] f7a3f3e | discard | Replace combined airport geometry with spectral-only coordinates ===
  SKIP: status discard
=== [54] 3254722 | discard | Fit airport and date target means on a disjoint 20 percent training partition ===
  SKIP: status discard
=== [55] e770ebd | keep | Use sixteen trees per round at matched total tree budget ===
  holdout=0.7582
=== [56] fe1b7ec | keep | Reduce minimum child weight to 50 under sixteen-tree averaging ===
  holdout=0.7586
=== [57] 5eedfb5 | discard | Add typical unique-route distance lookups for each airport ===
  SKIP: status discard
=== [58] b4d75f0 | discard | Add L1 leaf-weight regularization with alpha=10 ===
  SKIP: status discard
=== [59] 461f747 | discard | Increase boosting rounds from 300 to 400 at fixed learning rate ===
  SKIP: status discard
=== [60] 0cf64a1 | keep | Restore weekday as a categorical feature beside FlightDate ===
  holdout=0.7588
=== [61] 30ace33 | discard | Remove local spectral geometry after the averaging and support improvements ===
  SKIP: status discard
=== [62] e175e6b | discard | Downweight geographic columns during feature sampling ===
  SKIP: status discard
=== [63] 4ba0799 | keep | Use decreasing learning rates with the same total rate sum and tree count ===
  holdout=0.7588
=== [64] 3b22ae5 | discard | Use all training rows in each tree while preserving column sampling ===
  SKIP: status discard
=== [65] c944125 | keep | Increase tree depth to seven under the averaged scheduled-rate model ===
  holdout=0.7590
=== [66] a8dea74 | keep | Increase histogram capacity to 2048 bins ===
  holdout=0.7589
=== [67] b4347d2 | discard | Add a grouped categorical departure-hour feature ===
  SKIP: status discard
=== [68] bee1f30 | discard | Use thirty-two trees per round at matched total tree count and rate sum ===
  SKIP: status discard

=== DONE: results written to groundtruth_all.tsv ===
