=== [2] 92e43e6 | keep | baseline ===
  holdout=0.7155
=== [3] 550ea08 | keep | increase boosting rounds from 30 to 300 ===
  holdout=0.7315
=== [4] 6132d72 | keep | cache categorical dtypes and remove redundant membership filtering ===
  holdout=0.7315
=== [5] acc22f7 | keep | add exact flight-date categorical feature ===
  holdout=0.7445
=== [6] 00362a0 | discard | deepen trees from 6 to 8 with exact-date features ===
  SKIP: status discard
=== [7] 628bb1a | keep | regularize date interactions with min_child_weight 20 ===
  holdout=0.7450
=== [8] 1770616 | discard | add ordered month-day calendar coordinate ===
  SKIP: status discard
=== [9] 1c6a72d | discard | add carrier-origin and carrier-destination categories ===
  SKIP: status discard
=== [10] 917dd98 | discard | limit categorical partition threshold to 16 ===
  SKIP: status discard
=== [11] 1b88103 | discard | use one-category splits for all categorical features ===
  SKIP: status discard
=== [12] eb81d79 | discard | give single-category splits 1500 boosting rounds ===
  SKIP: status discard
=== [13] 744054d | keep | increase leaf L2 regularization to 20 ===
  holdout=0.7479
=== [14] d22c516 | keep | use 1000 rounds at learning rate 0.03 ===
  holdout=0.7508
=== [15] de0a1e3 | discard | train-only early stopping with up to 4000 rounds ===
  SKIP: status discard
=== [16] 4c93b72 | discard | add departure time relative to the route median ===
  SKIP: status discard
=== [17] ab90cc1 | discard | add scheduled minute within the hour ===
  SKIP: status discard
=== [18] d2dc81c | discard | derive two-dimensional airport positions from training route distances ===
  SKIP: status discard
=== [19] a836fa7 | discard | add date-by-geographic-region categories from distance-derived clusters ===
  SKIP: status discard
=== [20] 82b7098 | discard | reduce tree depth from 6 to 4 ===
  SKIP: status discard
=== [21] c8663d8 | keep | increase L2 regularization from 20 to 100 ===
  holdout=0.7515
=== [22] de3e90c | discard | sample 80 percent of rows per boosting step ===
  SKIP: status discard
=== [23] 265d4a7 | keep | sample 80 percent of features at each split ===
  holdout=0.7533
=== [24] 3e8815e | keep | average four feature-randomized trees per boosting round ===
  holdout=0.7541
=== [25] 09ccc6c | discard | increase histogram resolution to 1024 bins ===
  SKIP: status discard
=== [26] b25bad5 | keep | remove separate month and day-of-month predictors ===
  holdout=0.7545
=== [27] 6c0f1a6 | discard | grow loss-guided trees with a 32-leaf budget ===
  SKIP: status discard
=== [28] 1e6349f | keep | increase L2 penalty from 100 to 500 ===
  holdout=0.7552
=== [29] bf4bb1e | discard | extend the strongly regularized forest to 2000 rounds ===
  SKIP: status discard
=== [30] 9e25343 | discard | train a pairwise-ranking XGBoost model on all training labels ===
  SKIP: status discard
=== [31] c8f8f83 | keep | raise minimum child weight from 20 to 100 ===
  holdout=0.7555
=== [32] 4929993 | keep | construct categoricals from fitted category codes ===
  holdout=0.7555
=== [33] ddd32c1 | keep | retest depth 8 with strong regularization and averaged trees ===
  holdout=0.7561
=== [34] f181a60 | keep | remove day-of-week as a redundant date predictor ===
  holdout=0.7565
=== [35] a3f24ae | discard | restrict interactions to disjoint daily-context and carrier-distance groups ===
  SKIP: status discard
=== [36] 991bea3 | discard | revisit a carrier-origin category under strong regularization ===
  SKIP: status discard
=== [37] f6f8252 | discard | add sine and cosine calendar-season features ===
  SKIP: status discard
=== [38] 20a93eb | keep | sample half of the predictors at each split ===
  holdout=0.7577
=== [39] ebdb707 | keep | halve the trees per boosting round from four to two ===
  holdout=0.7575
=== [40] a6f92e1 | discard | sample features per tree instead of per node ===
  SKIP: status discard
=== [41] 048604a | discard | average two independent boosting trajectories at the same total tree count ===
  SKIP: status discard
=== [42] aada6e3 | crash | test occasional tree dropout with 300 larger boosting steps ===
  SKIP: status crash
=== [43] c90d69f | discard | require split gain of at least one ===
  SKIP: status discard
=== [44] 2098c70 | discard | use adaptive Hessian-weighted quantile sketches ===
  SKIP: status discard
=== [45] 8164256 | keep | restrict each split to two sampled predictors ===
  holdout=0.7589
=== [46] 01abec6 | discard | increase depth to 10 under two-feature split sampling ===
  SKIP: status discard
=== [47] dc1b8be | discard | learn date risk from a separate training-only encoding partition ===
  SKIP: status discard
=== [48] 291c4a2 | discard | add an L1 leaf-weight penalty of five ===
  SKIP: status discard
=== [49] d460c6d | discard | sample half the rows using gradient-based probabilities ===
  SKIP: status discard
=== [50] 0cd3daa | discard | reduce L2 to 100 under the stronger feature-sampling regime ===
  SKIP: status discard
=== [51] 6d8ff67 | discard | add a clock-plus-distance proxy for trip completion time ===
  SKIP: status discard
=== [52] b84f389 | discard | remove route distance from the six-feature model ===
  SKIP: status discard
=== [53] 6431386 | discard | soften binary targets by ten percent in the training objective ===
  SKIP: status discard
=== [54] d50f4f6 | discard | cap categorical partition search at sixteen categories under strong regularization ===
  SKIP: status discard
=== [55] f7f6659 | discard | expand categorical partition search from sixty-four to 256 ===
  SKIP: status discard
=== [56] 010fcbe | discard | offer only one sampled feature at each split ===
  SKIP: status discard
=== [57] 4b54c98 | discard | linearly decay the learning rate across one thousand rounds ===
  SKIP: status discard
=== [58] bf78fa5 | discard | require five times more Hessian mass per leaf ===
  SKIP: status discard
=== [59] 0aba6b1 | discard | reduce departure-time sampling weight relative to other features ===
  SKIP: status discard
=== [60] 14381aa | discard | add an explicit origin-destination route category ===
  SKIP: status discard
=== [61] 4ae4e94 | discard | simplify to one tree per boosting step ===
  SKIP: status discard
=== [62] 7fb921d | keep | use sequential trees at matched total tree count and shrinkage ===
  holdout=0.7592
=== [63] a68f940 | discard | replace raw departure time with a categorical departure hour ===
  SKIP: status discard
=== [64] 17ba230 | discard | halve the sequential learning rate and double boosting rounds ===
  SKIP: status discard
=== [65] 13255a7 | discard | train with squared probability error and positive curvature approximation ===
  SKIP: status discard
=== [66] ecdf37f | discard | average depth-six and depth-ten sequential boosters ===
  SKIP: status discard
=== [67] 4384dfe | discard | cap unshrunk leaf updates at 0.2 log-odds units ===
  SKIP: status discard
=== [68] 9a5a69e | discard | revisit distance-derived airport coordinates with the regularized sequential model ===
  SKIP: status discard
=== [69] 32c7375 | keep | use direct training-route distances to LAX and ATL as airport coordinates ===
  holdout=0.7597
=== [70] 10f926b | discard | simplify landmark geography to ATL alone ===
  SKIP: status discard
=== [71] 1570933 | keep | grow best-first trees with a sixty-four-leaf budget ===
  holdout=0.7599
=== [72] 8b0a75f | discard | remove direct route distance after adding landmark geography ===
  SKIP: status discard
=== [73] 5851c0c | keep | reduce numeric histogram resolution to sixty-four bins ===
  holdout=0.7604
=== [74] 0ad99f1 | discard | use four training threads to reduce small-tree scheduling overhead ===
  SKIP: status discard
=== [75] 29d0917 | discard | extend the geographic model to three thousand boosting rounds ===
  SKIP: status discard
=== [76] 135fd08 | discard | remove destination identity while retaining destination geography ===
  SKIP: status discard
=== [77] c9a784e | discard | constrain daytime departure risk to increase while leaving overnight time flexible ===
  SKIP: status discard
=== [78] 20f1f80 | discard | apply a light split-gain penalty to best-first trees ===
  SKIP: status discard
=== [79] 4994b5d | discard | increase L2 leaf shrinkage from 500 to two thousand ===
  SKIP: status discard
=== [80] ee6f84f | discard | reduce aggregate sampling weight of the four geographic lookups ===
  SKIP: status discard
=== [81] 3033612 | discard | fill landmark distances through shortest paths in the training route graph ===
  SKIP: status discard
=== [82] a2000d7 | discard | shorten the geographic model to fifteen hundred rounds ===
  SKIP: status discard
=== [83] 68e96db | discard | test two split candidates in the ten-feature geographic model ===
  SKIP: status discard

=== DONE: results written to groundtruth_all.tsv ===
